// Jest Snapshot v1, https://goo.gl/fbAQLP

exports[`Lightbox.vue renders the component 1`] = `
<div role="dialog" aria-hidden="true" class="tobi">
  <div class="tobi__overlay"></div>
  <div class="tobi__slider" style="transform: translate3d(0px, 0, 0);">
    <slide-stub index="0" currentindex="0" image="[object Object]"></slide-stub>
    <slide-stub index="1" currentindex="0" image="[object Object]"></slide-stub>
    <slide-stub index="2" currentindex="0" image="[object Object]"></slide-stub>
    <slide-stub index="3" currentindex="0" image="[object Object]"></slide-stub>
    <slide-stub index="4" currentindex="0" image="[object Object]"></slide-stub>
  </div>
  <!----> <button type="button" aria-label="Next" class="tobi__next"><svg xmlns="http://www.w3.org/2000/svg" width="24" height="24" viewBox="0 0 24 24" fill="none" stroke="currentColor" stroke-width="1" stroke-linecap="round" stroke-linejoin="round">
      <polyline points="9 18 15 12 9 6"></polyline>
    </svg></button> <button type="button" aria-label="Close" class="tobi__close"><svg xmlns="http://www.w3.org/2000/svg" width="24" height="24" viewBox="0 0 24 24" fill="none" stroke="currentColor" stroke-width="2" stroke-linecap="round" stroke-linejoin="round">
      <line x1="18" y1="6" x2="6" y2="18"></line>
      <line x1="6" y1="6" x2="18" y2="18"></line>
    </svg></button>
  <div class="tobi__counter">1/5</div>
</div>
`;
